[40m[2J[0;1;34m.ÄÄÄÄÄÄÄÄÄÄÄÄÄÄÄÄÄÄÄÄÄÄÄÄÄÄÄÄÄÄÄÄÄÄÄÄÄÄÄÄÄÄÄÄÄÄÄÄÄÄÄÄÄÄÄÄÄÄÄÄÄÄÄÄÄÄÄÄÄÄÄÄÄÄÄÄ-.
   [0;34mÜ[1;44m±Ü [0;34mÜ[6C[1mÜ[5C[0;34mß ÜÜ[7CÜ±±ßßß Ü [1mß ÞÝ°°[0;34mÜ[1;30mú nE! ú[0;34mÜÜ±±ßßß Ü [1mß ÞÝ°°  Ü
  [0;34mÞ[1;44m±²²Ý [0;34mÛÜ[5CÜ[1;37;44m°°[0;34mÜÜ[1mÜ    [0;34mþ  ßÞÜß   ÜÜÜ²ÛÝ[1mÛß [0;34mÜÜ  þ  ßÞÜßß   ÜÜÜ²ÛÝ[1mÛß [0;34mÜÜ   Ü[1;37;44m°°[0;34mÜ
   ß[1;44m²ß[0;34mßÛ[1;44mß[0;34mÛÛÜ ² Þ[1;37;44mÞ°°Ý[0;34mÛÛ²Ü  ÜÝÜ  Ü²[1;37;44mÜÜß[0;34mßß[1mßß[0;34mÜÜÛÛ²ÛÜ  ÜÝÜ  ÜÜ²[1;37;44mÜÜß[0;34mßß[1mßß[0;34mÜÜÛÛ²Û ² Þ[1;37;44mÞ°°[40m
   [44m°ÜÜß[0;34mÛÛ[1;44mÜÝ[0;34mÛÛÜßÛ[1;37;44mßß[34mÜ[37m°°[0;34mÛÛÛÛÞÛÜ[1;44mÝ[0;34mÝÛÛ[1;37;44mÞ[34mÝ[37mÞÝ[34;40mÞ[37;44m°[0;34mÛÛÛ[1;44mÜþ[0;34mÛÛÛÛÛÞÛÜ[1;44mÝ[0;34mÝÛÛÛ[1;37;44mÞ[34mÝ[37mÞÝ[34;40mÞ[37;44m°[0;34mÛÛÛ[1;44mÜþ[0;34mÛÛÛÛÜßÛ[1;37;44mßß[0;34mÝ
  [1;37;44m°ß[0;34mÛÛÛßß[1;44mÜ[37mß[0;34mÛÛß[1;37;44mÝ[0;34mÛÛÛÛ[1;44mßÝ°°[0;34mÛÞÛ[1;44m±±ÞÝ[0;34mßÛÛ[1;37;44mß[34mß[37mß[0;34mÛ[1;37;44mÜÜ[34mßß[0;34mÛÛÛÛÛÛÞÛ[1;44m±±ÞÝ[0;34mßÛÛÛ[1;37;44mß[34mß[37mß[0;34mÛ[1;37;44mÜÜ[34mßß[0;34mÛÛÛÛÛÛß[1;37;44mÝ[0;34mÛÛÛÛ
 ÜßßÜÜÜ[1;37;44mßß[0;34mÛÛÛÛÛ[1;37;44mß[0;34mÛ[1;44mÜÜ ß [0;34mÛÛßÜÛÛ[1;44m±±ßÜ[0;34mÛßßÛß[1;44mß[0;34mÜÜÛÛÛÛÛÛÛßÜÛÛ[1;44m±±ßÜ[0;34mÛÛßßÛß[1;44mß[0;34mÜÜÛÛÛÛÛÛßÛÛ[1;37;44mß[0;34mÛ[1;44mÜ[0;34mß
[1m.ÄÄÄÄÄÄÄÄÄÄÄÄÄÄÄÄÄÄÄÄÄÄÄÄÄÄÄÄÄÄÄÄÄÄÄÄÄÄÄÄÄÄÄÄÄÄÄÄÄÄÄÄÄÄÄÄÄÄÄÄÄÄÄÄÄÄÄÄÄÄÄÄÄÄÄÄ-.
Ý [0;34m<[1;37mESC[0;34m> [1;37mc[0mo[1;30mmmand [0;34m<[1;37m^V[0;34m>[1;37mi[0mn[1;30ms[37m/o[0mv[1;30mr [0;34m<[1;37m^Y[0;34m> [1;37md[0me[1;30ml [37ml[0mi[1;30mne [0;34m<[1;37m^N[0;34m> [1;37mi[0mn[1;30ms [37ml[0mi[1;30mne [0;34m<[1;37m^C[0;34m> [1;37mc[0ml[1;30mear  [0;34m<[1;37m^I[0;34m> [1;37mh[0me[1;30mlp [34mÞ
`ÄÄÄÄÄÄÄÄÄÄÄÄÄÄÄÄÄÄÄÄÄÄÄÄÄÄÄÄÄÄÄÄÄÄÄÄÄÄÄÄÄÄÄÄÄÄÄÄÄÄÄÄÄÄÄÄÄÄÄÄÄÄÄÄÄÄÄÄÄÄÄÄÄÄÄÄÄ'












.ÄÄÄÄÄÄÄÄÄÄÄÄÄÄÄÄÄÄÄÄÄÄÄÄÄÄÄÄÄÄÄÄÄÄÄÄÄÄÄÄÄÄÄÄÄÄÄÄÄÄÄÄÄÄÄÄÄÄÄÄÄÄÄÄÄÄÄÄÄÄÄÄÄÄÄÄÄ.
Ý[6C[30mð [37mV[0mampyric [1mF[0mull [1mS[0mcreen [1mM[0message [1mE[0mditor [1m([0mc[1m) M[0mercyful [1mF[0mate [1m2[0moo[1m4 [30mð[9C[34mÞ
`ÄÄÄÄÄÄÄÄÄÄÄÄÄÄÄÄÄÄÄÄÄÄÄÄÄÄÄÄÄÄÄÄÄÄÄÄÄÄÄÄÄÄÄÄÄÄÄÄÄÄÄÄÄÄÄÄÄÄÄÄÄÄÄÄÄÄÄÄÄÄÄÄÄÄÄÄÄ'[0m[255D